[poc0b] 20 actors x 6 families = 120 queries (throttle base=25.0s jitter=+/-5.0s)
[1/120] OK    anthill-ventures                              identity   n= 26 unresp=['google'] SILENT-DROP:['mojeek'] (1.1s, req#1, t+0.0s)
[2/120] OK    anthill-ventures                              money      n= 30 unresp=['google'] SILENT-DROP:['mojeek'] (0.8s, req#2, t+22.4s)
[3/120] OK    anthill-ventures                              people     n= 29 unresp=['google'] SILENT-DROP:['mojeek'] (2.0s, req#3, t+50.7s)
[4/120] OK    anthill-ventures                              viability  n= 30 unresp=['google'] SILENT-DROP:['mojeek'] (0.8s, req#4, t+73.0s)
[5/120] OK    anthill-ventures                              failure    n= 29 unresp=['google'] SILENT-DROP:['mojeek'] (0.9s, req#5, t+99.2s)
[6/120] OK    anthill-ventures                              reach      n= 25 unresp=['google'] SILENT-DROP:['mojeek'] (0.7s, req#6, t+127.2s)
[7/120] OK    selco-foundation                              identity   n= 26 unresp=['google'] SILENT-DROP:['mojeek'] (0.8s, req#7, t+156.3s)
[8/120] OK    selco-foundation                              money      n= 10 unresp=['brave', 'google'] SILENT-DROP:['mojeek'] (0.7s, req#8, t+185.1s)
[9/120] OK    selco-foundation                              people     n= 10 unresp=['brave', 'google'] SILENT-DROP:['mojeek'] (0.7s, req#9, t+207.6s)
[10/120] OK    selco-foundation                              viability  n=  1 unresp=['brave', 'google'] SILENT-DROP:['mojeek'] (0.7s, req#10, t+229.5s)
[11/120] OK    selco-foundation                              failure    n= 10 unresp=['brave', 'google'] SILENT-DROP:['mojeek'] (0.7s, req#11, t+250.8s)
[12/120] OK    selco-foundation                              reach      n= 10 unresp=['brave', 'google'] SILENT-DROP:['mojeek'] (1.3s, req#12, t+279.9s)
[13/120] OK    shell-foundation                              identity   n= 10 unresp=['brave', 'google'] SILENT-DROP:['mojeek'] (0.7s, req#13, t+303.9s)
[14/120] OK    shell-foundation                              money      n= 10 unresp=['brave', 'google'] SILENT-DROP:['mojeek'] (0.6s, req#14, t+331.9s)
[15/120] OK    shell-foundation                              people     n= 10 unresp=['brave', 'google'] SILENT-DROP:['mojeek'] (0.7s, req#15, t+356.9s)
[16/120] OK    shell-foundation                              viability  n= 10 unresp=['brave', 'google'] SILENT-DROP:['mojeek'] (0.7s, req#16, t+379.5s)
[17/120] OK    shell-foundation                              failure    n= 10 unresp=['brave', 'google'] SILENT-DROP:['mojeek'] (0.6s, req#17, t+407.0s)
[18/120] OK    shell-foundation                              reach      n= 10 unresp=['brave', 'google'] SILENT-DROP:['mojeek'] (0.6s, req#18, t+432.1s)
[19/120] OK    dasra                                         identity   n= 10 unresp=['brave', 'google'] SILENT-DROP:['mojeek'] (0.7s, req#19, t+460.7s)
[20/120] OK    dasra                                         money      n= 10 unresp=['brave', 'google'] SILENT-DROP:['mojeek'] (0.7s, req#20, t+485.8s)
[21/120] OK    dasra                                         people     n= 10 unresp=['brave', 'google'] SILENT-DROP:['mojeek'] (0.6s, req#21, t+510.0s)
[22/120] OK    dasra                                         viability  n= 10 unresp=['brave', 'google'] SILENT-DROP:['mojeek'] (0.7s, req#22, t+540.3s)
[23/120] OK    dasra                                         failure    n= 10 unresp=['brave', 'google'] SILENT-DROP:['mojeek'] (0.6s, req#23, t+564.4s)
[24/120] OK    dasra                                         reach      n= 10 unresp=['brave', 'google'] SILENT-DROP:['mojeek'] (0.6s, req#24, t+591.6s)
[25/120] OK    villgro                                       identity   n= 10 unresp=['brave', 'google'] SILENT-DROP:['mojeek'] (0.7s, req#25, t+619.5s)
[26/120] OK    villgro                                       money      n= 10 unresp=['brave', 'google'] SILENT-DROP:['mojeek'] (0.8s, req#26, t+645.7s)
[27/120] OK    villgro                                       people     n= 10 unresp=['brave', 'google'] SILENT-DROP:['mojeek'] (0.6s, req#27, t+667.8s)
[28/120] OK    villgro                                       viability  n= 10 unresp=['brave', 'google'] SILENT-DROP:['mojeek'] (0.7s, req#28, t+693.3s)
[29/120] OK    villgro                                       failure    n= 10 unresp=['brave', 'google'] SILENT-DROP:['mojeek'] (0.6s, req#29, t+716.6s)
[30/120] OK    villgro                                       reach      n= 10 unresp=['brave', 'google'] SILENT-DROP:['mojeek'] (0.6s, req#30, t+743.5s)
[31/120] OK    acumen                                        identity   n= 10 unresp=['brave', 'google'] SILENT-DROP:['mojeek'] (1.3s, req#31, t+772.8s)
[32/120] OK    acumen                                        money      n= 10 unresp=['brave', 'google'] SILENT-DROP:['mojeek'] (0.6s, req#32, t+801.7s)
[33/120] OK    acumen                                        people     n= 10 unresp=['brave', 'google'] SILENT-DROP:['mojeek'] (0.7s, req#33, t+831.2s)
[34/120] OK    acumen                                        viability  n= 10 unresp=['brave', 'google'] SILENT-DROP:['mojeek'] (0.8s, req#34, t+861.2s)
[35/120] OK    acumen                                        failure    n= 10 unresp=['brave', 'google'] SILENT-DROP:['mojeek'] (0.7s, req#35, t+882.4s)
[36/120] OK    acumen                                        reach      n= 10 unresp=['brave', 'google'] SILENT-DROP:['mojeek'] (0.7s, req#36, t+910.2s)
[37/120] OK    rainmatter-foundation                         identity   n= 10 unresp=['brave', 'google'] SILENT-DROP:['mojeek'] (0.6s, req#37, t+936.6s)
[38/120] OK    rainmatter-foundation                         money      n= 10 unresp=['brave', 'google'] SILENT-DROP:['mojeek'] (0.6s, req#38, t+963.7s)
[39/120] OK    rainmatter-foundation                         people     n= 10 unresp=['brave', 'google'] SILENT-DROP:['mojeek'] (0.6s, req#39, t+988.5s)
[40/120] OK    rainmatter-foundation                         viability  n= 10 unresp=['brave', 'google'] SILENT-DROP:['mojeek'] (0.7s, req#40, t+1018.9s)
[41/120] OK    rainmatter-foundation                         failure    n= 10 unresp=['brave', 'google'] SILENT-DROP:['mojeek'] (0.7s, req#41, t+1049.5s)
[42/120] OK    rainmatter-foundation                         reach      n= 10 unresp=['brave', 'google'] SILENT-DROP:['mojeek'] (0.6s, req#42, t+1074.4s)
[43/120] OK    omnivore                                      identity   n= 10 unresp=['brave', 'google'] SILENT-DROP:['mojeek'] (0.6s, req#43, t+1099.0s)
[44/120] OK    omnivore                                      money      n= 10 unresp=['brave', 'google'] SILENT-DROP:['mojeek'] (0.7s, req#44, t+1125.3s)
[45/120] OK    omnivore                                      people     n= 10 unresp=['brave', 'google'] SILENT-DROP:['mojeek'] (1.3s, req#45, t+1146.7s)
[46/120] OK    omnivore                                      viability  n= 10 unresp=['brave', 'google'] SILENT-DROP:['mojeek'] (0.7s, req#46, t+1171.2s)
[47/120] OK    omnivore                                      failure    n= 10 unresp=['brave', 'google'] SILENT-DROP:['mojeek'] (0.7s, req#47, t+1193.3s)
[48/120] OK    omnivore                                      reach      n= 10 unresp=['brave', 'google'] SILENT-DROP:['mojeek'] (0.6s, req#48, t+1221.2s)
[49/120] OK    harish-hande                                  identity   n= 10 unresp=['brave', 'google'] SILENT-DROP:['mojeek'] (0.6s, req#49, t+1250.1s)
[50/120] OK    harish-hande                                  money      n= 10 unresp=['brave', 'google'] SILENT-DROP:['mojeek'] (0.7s, req#50, t+1276.6s)
[51/120] OK    harish-hande                                  people     n= 10 unresp=['brave', 'google'] SILENT-DROP:['mojeek'] (0.7s, req#51, t+1301.3s)
[52/120] OK    harish-hande                                  viability  n= 10 unresp=['brave', 'google'] SILENT-DROP:['mojeek'] (0.6s, req#52, t+1326.2s)
[53/120] OK    harish-hande                                  failure    n= 10 unresp=['brave', 'google'] SILENT-DROP:['mojeek'] (0.7s, req#53, t+1351.4s)
[54/120] OK    harish-hande                                  reach      n= 10 unresp=['brave', 'google'] SILENT-DROP:['mojeek'] (0.6s, req#54, t+1380.8s)
[55/120] OK    a2p-energy                                    identity   n= 10 unresp=['brave', 'google'] SILENT-DROP:['mojeek'] (0.7s, req#55, t+1410.0s)
[56/120] OK    a2p-energy                                    money      n= 10 unresp=['brave', 'google'] SILENT-DROP:['mojeek'] (0.6s, req#56, t+1434.7s)
[57/120] OK    a2p-energy                                    people     n= 10 unresp=['brave', 'google'] SILENT-DROP:['mojeek'] (1.6s, req#57, t+1463.9s)
[58/120] OK    a2p-energy                                    viability  n= 10 unresp=['brave', 'google'] SILENT-DROP:['mojeek'] (0.6s, req#58, t+1488.7s)
[59/120] OK    a2p-energy                                    failure    n= 10 unresp=['brave', 'google'] SILENT-DROP:['mojeek'] (0.7s, req#59, t+1510.8s)
[60/120] OK    a2p-energy                                    reach      n= 10 unresp=['brave', 'google'] SILENT-DROP:['mojeek'] (0.7s, req#60, t+1537.8s)
[61/120] OK    employees-state-insurance-corporation         identity   n= 10 unresp=['brave', 'google'] SILENT-DROP:['mojeek'] (0.7s, req#61, t+1563.3s)
[62/120] OK    employees-state-insurance-corporation         money      n= 10 unresp=['brave', 'google'] SILENT-DROP:['mojeek'] (0.7s, req#62, t+1591.0s)
[63/120] OK    employees-state-insurance-corporation         people     n= 10 unresp=['brave', 'google'] SILENT-DROP:['mojeek'] (0.6s, req#63, t+1616.0s)
[64/120] OK    employees-state-insurance-corporation         viability  n= 10 unresp=['brave', 'google'] SILENT-DROP:['mojeek'] (0.6s, req#64, t+1639.0s)
[65/120] OK    employees-state-insurance-corporation         failure    n= 10 unresp=['brave', 'google'] SILENT-DROP:['mojeek'] (0.6s, req#65, t+1664.4s)
[66/120] OK    employees-state-insurance-corporation         reach      n= 10 unresp=['brave', 'google'] SILENT-DROP:['mojeek'] (0.7s, req#66, t+1690.0s)
[67/120] OK    warrior-moms                                  identity   n= 10 unresp=['brave', 'google'] SILENT-DROP:['mojeek'] (0.7s, req#67, t+1712.8s)
[68/120] OK    warrior-moms                                  money      n= 10 unresp=['brave', 'google'] SILENT-DROP:['mojeek'] (0.6s, req#68, t+1734.6s)
[69/120] OK    warrior-moms                                  people     n= 10 unresp=['brave', 'google'] SILENT-DROP:['mojeek'] (0.6s, req#69, t+1761.8s)
[70/120] OK    warrior-moms                                  viability  n= 10 unresp=['brave', 'google'] SILENT-DROP:['mojeek'] (0.6s, req#70, t+1789.1s)
[71/120] OK    warrior-moms                                  failure    n= 10 unresp=['brave', 'google'] SILENT-DROP:['mojeek'] (0.7s, req#71, t+1813.9s)
[72/120] OK    warrior-moms                                  reach      n= 10 unresp=['brave', 'google'] SILENT-DROP:['mojeek'] (0.6s, req#72, t+1836.0s)
[73/120] OK    khambhat-silicosis-victims-association        identity   n= 10 unresp=['brave', 'google'] SILENT-DROP:['mojeek'] (0.7s, req#73, t+1857.1s)
[74/120] OK    khambhat-silicosis-victims-association        money      n= 10 unresp=['brave', 'google'] SILENT-DROP:['mojeek'] (0.7s, req#74, t+1879.0s)
[75/120] OK    khambhat-silicosis-victims-association        people     n= 10 unresp=['brave', 'google'] SILENT-DROP:['mojeek'] (0.7s, req#75, t+1901.7s)
[76/120] OK    khambhat-silicosis-victims-association        viability  n= 10 unresp=['brave', 'google'] SILENT-DROP:['mojeek'] (0.7s, req#76, t+1932.1s)
[77/120] OK    khambhat-silicosis-victims-association        failure    n= 10 unresp=['brave', 'google'] SILENT-DROP:['mojeek'] (0.6s, req#77, t+1956.7s)
[78/120] OK    khambhat-silicosis-victims-association        reach      n= 10 unresp=['brave', 'google'] SILENT-DROP:['mojeek'] (0.6s, req#78, t+1984.3s)
[79/120] OK    silicosis-peedit-sangh                        identity   n= 20 unresp=['brave'] SILENT-DROP:['mojeek'] (1.9s, req#79, t+2014.7s)
[80/120] OK    silicosis-peedit-sangh                        money      n= 15 unresp=['brave'] SILENT-DROP:['mojeek'] (1.6s, req#80, t+2043.7s)
[81/120] OK    silicosis-peedit-sangh                        people     n= 20 unresp=['brave'] SILENT-DROP:['mojeek'] (0.6s, req#81, t+2073.1s)
[82/120] OK    silicosis-peedit-sangh                        viability  n= 20 unresp=['brave'] SILENT-DROP:['mojeek'] (0.8s, req#82, t+2098.3s)
[83/120] OK    silicosis-peedit-sangh                        failure    n= 13 unresp=['brave'] SILENT-DROP:['mojeek'] (0.8s, req#83, t+2124.8s)
[84/120] OK    silicosis-peedit-sangh                        reach      n= 20 unresp=['brave'] SILENT-DROP:['mojeek'] (1.7s, req#84, t+2152.5s)
[85/120] OK    bku-ekta-ugrahan                              identity   n= 20 unresp=['brave'] SILENT-DROP:['mojeek'] (0.9s, req#85, t+2176.8s)
[86/120] OK    bku-ekta-ugrahan                              money      n= 20 unresp=['brave'] SILENT-DROP:['mojeek'] (0.7s, req#86, t+2198.3s)
[87/120] OK    bku-ekta-ugrahan                              people     n= 20 unresp=['brave'] SILENT-DROP:['mojeek'] (0.8s, req#87, t+2222.4s)
[88/120] OK    bku-ekta-ugrahan                              viability  n= 20 unresp=['brave'] SILENT-DROP:['mojeek'] (1.7s, req#88, t+2252.4s)
[89/120] OK    bku-ekta-ugrahan                              failure    n= 19 unresp=['brave'] SILENT-DROP:['mojeek'] (0.6s, req#89, t+2276.6s)
[90/120] OK    bku-ekta-ugrahan                              reach      n= 12 unresp=['brave'] SILENT-DROP:['mojeek'] (0.6s, req#90, t+2298.7s)
[91/120] OK    joginder-singh-ugrahan                        identity   n= 34 unresp=[] SILENT-DROP:['mojeek'] (1.1s, req#91, t+2321.1s)
[92/120] OK    joginder-singh-ugrahan                        money      n= 20 unresp=['brave'] SILENT-DROP:['mojeek'] (0.7s, req#92, t+2347.1s)
[93/120] OK    joginder-singh-ugrahan                        people     n= 20 unresp=['brave'] SILENT-DROP:['mojeek'] (0.7s, req#93, t+2372.8s)
[94/120] OK    joginder-singh-ugrahan                        viability  n= 20 unresp=['brave'] SILENT-DROP:['mojeek'] (0.6s, req#94, t+2401.0s)
[95/120] OK    joginder-singh-ugrahan                        failure    n= 20 unresp=['brave'] SILENT-DROP:['mojeek'] (0.6s, req#95, t+2430.3s)
[96/120] OK    joginder-singh-ugrahan                        reach      n= 20 unresp=['brave'] SILENT-DROP:['mojeek'] (0.6s, req#96, t+2454.2s)
[97/120] OK    india-asbestos-victims-association            identity   n= 19 unresp=['brave'] SILENT-DROP:['mojeek'] (0.8s, req#97, t+2482.0s)
[98/120] OK    india-asbestos-victims-association            money      n= 20 unresp=['brave'] SILENT-DROP:['mojeek'] (0.8s, req#98, t+2511.6s)
[99/120] OK    india-asbestos-victims-association            people     n= 12 unresp=['brave'] SILENT-DROP:['mojeek'] (0.7s, req#99, t+2539.2s)
[100/120] OK    india-asbestos-victims-association            viability  n= 20 unresp=['brave'] SILENT-DROP:['mojeek'] (0.9s, req#100, t+2567.8s)
[101/120] OK    india-asbestos-victims-association            failure    n= 20 unresp=['brave', 'mojeek'] (0.8s, req#101, t+2596.0s)
[102/120] OK    india-asbestos-victims-association            reach      n= 20 unresp=['brave', 'mojeek'] (0.8s, req#102, t+2625.3s)
[103/120] OK    bhavreen-kandhari                             identity   n= 20 unresp=['brave', 'mojeek'] (0.7s, req#103, t+2654.3s)
[104/120] OK    bhavreen-kandhari                             money      n= 20 unresp=['brave', 'mojeek'] (1.7s, req#104, t+2678.6s)
[105/120] OK    bhavreen-kandhari                             people     n= 20 unresp=['brave', 'mojeek'] (0.8s, req#105, t+2707.7s)
[106/120] OK    bhavreen-kandhari                             viability  n= 20 unresp=['brave', 'mojeek'] (0.7s, req#106, t+2735.6s)
[107/120] OK    bhavreen-kandhari                             failure    n= 20 unresp=['brave', 'mojeek'] (0.7s, req#107, t+2758.1s)
[108/120] OK    bhavreen-kandhari                             reach      n= 20 unresp=['brave', 'mojeek'] (0.8s, req#108, t+2788.4s)
[109/120] OK    jyoti-pande-lavakare                          identity   n= 20 unresp=['brave', 'mojeek'] (0.6s, req#109, t+2819.1s)
[110/120] OK    jyoti-pande-lavakare                          money      n= 20 unresp=['brave', 'mojeek'] (0.7s, req#110, t+2846.5s)
[poc0b] done. 120 queries issued this run, 0 skipped (already on disk). Responses in /Users/vardanaggarwal/fph/engine/poc/poc0b-responses
[111/120] OK    jyoti-pande-lavakare                          people     n= 20 unresp=['brave', 'mojeek'] (0.6s, req#111, t+2871.6s)
[112/120] OK    jyoti-pande-lavakare                          viability  n= 20 unresp=['brave', 'mojeek'] (0.5s, req#112, t+2897.5s)
[113/120] OK    jyoti-pande-lavakare                          failure    n= 30 unresp=['google', 'mojeek'] (1.2s, req#113, t+2919.6s)
[114/120] OK    jyoti-pande-lavakare                          reach      n= 10 unresp=['brave', 'google', 'mojeek'] (0.4s, req#114, t+2946.8s)
[115/120] OK    care-for-air                                  identity   n= 10 unresp=['brave', 'google', 'mojeek'] (0.6s, req#115, t+2973.8s)
[116/120] OK    care-for-air                                  money      n= 10 unresp=['brave', 'google', 'mojeek'] (0.3s, req#116, t+2996.1s)
[117/120] OK    care-for-air                                  people     n= 10 unresp=['brave', 'google', 'mojeek'] (0.3s, req#117, t+3025.2s)
[118/120] OK    care-for-air                                  viability  n= 10 unresp=['brave', 'google', 'mojeek'] (0.4s, req#118, t+3052.3s)
[119/120] OK    care-for-air                                  failure    n= 10 unresp=['brave', 'google', 'mojeek'] (0.3s, req#119, t+3081.7s)
[120/120] OK    care-for-air                                  reach      n= 10 unresp=['brave', 'google', 'mojeek'] (0.4s, req#120, t+3106.3s)
